../Core/Src/main.c:133:7:pidController	32	static
../Core/Src/main.c:148:6:Steer_left	16	static
../Core/Src/main.c:155:6:Steer_right	16	static
../Core/Src/main.c:161:6:HAL_CAN_RxFifo0MsgPendingCallback	16	static
../Core/Src/main.c:233:5:main	8	static
../Core/Src/main.c:310:6:SystemClock_Config	88	static
../Core/Src/main.c:354:13:MX_CAN1_Init	48	static
../Core/Src/main.c:400:13:MX_DAC_Init	16	static
../Core/Src/main.c:443:13:MX_TIM1_Init	80	static
../Core/Src/main.c:510:13:MX_TIM2_Init	48	static
../Core/Src/main.c:561:13:MX_TIM3_Init	32	static
../Core/Src/main.c:603:13:MX_USART2_UART_Init	8	static
../Core/Src/main.c:634:13:MX_GPIO_Init	40	static
../Core/Src/main.c:663:6:Error_Handler	4	static,ignoring_inline_asm
