../Core/Src/main.c:133:7:pidController	32	static
../Core/Src/main.c:148:6:Steer_left	16	static
../Core/Src/main.c:155:6:Steer_right	16	static
../Core/Src/main.c:161:6:HAL_CAN_RxFifo0MsgPendingCallback	16	static
../Core/Src/main.c:221:5:main	8	static
../Core/Src/main.c:291:6:SystemClock_Config	88	static
../Core/Src/main.c:335:13:MX_CAN1_Init	48	static
../Core/Src/main.c:381:13:MX_DAC_Init	16	static
../Core/Src/main.c:424:13:MX_TIM1_Init	80	static
../Core/Src/main.c:491:13:MX_TIM2_Init	48	static
../Core/Src/main.c:542:13:MX_TIM3_Init	32	static
../Core/Src/main.c:584:13:MX_USART2_UART_Init	8	static
../Core/Src/main.c:615:13:MX_GPIO_Init	40	static
../Core/Src/main.c:644:6:Error_Handler	4	static,ignoring_inline_asm
