../Core/Src/main.c:141:10:map	16	static
../Core/Src/main.c:146:7:pidController	32	static
../Core/Src/main.c:161:6:Steer_left	16	static
../Core/Src/main.c:168:6:Steer_right	16	static
../Core/Src/main.c:181:6:HAL_CAN_RxFifo0MsgPendingCallback	16	static
../Core/Src/main.c:231:5:main	8	static
../Core/Src/main.c:295:6:SystemClock_Config	88	static
../Core/Src/main.c:339:13:MX_CAN1_Init	48	static
../Core/Src/main.c:385:13:MX_DAC_Init	16	static
../Core/Src/main.c:428:13:MX_TIM1_Init	80	static
../Core/Src/main.c:495:13:MX_TIM2_Init	48	static
../Core/Src/main.c:546:13:MX_TIM3_Init	32	static
../Core/Src/main.c:588:13:MX_USART2_UART_Init	8	static
../Core/Src/main.c:619:13:MX_GPIO_Init	40	static
../Core/Src/main.c:648:6:Error_Handler	4	static,ignoring_inline_asm
