../Core/Src/main.c:83:6:HAL_UART_RxCpltCallback	16	static
../Core/Src/main.c:100:6:HAL_CAN_RxFifo0MsgPendingCallback	16	static
../Core/Src/main.c:160:5:main	8	static
../Core/Src/main.c:264:6:SystemClock_Config	88	static
../Core/Src/main.c:310:13:MX_CAN1_Init	48	static
../Core/Src/main.c:358:13:MX_DAC_Init	16	static
../Core/Src/main.c:405:13:MX_TIM2_Init	48	static
../Core/Src/main.c:458:13:MX_TIM3_Init	32	static
../Core/Src/main.c:503:13:MX_TIM4_Init	32	static
../Core/Src/main.c:548:13:MX_USART2_UART_Init	8	static
../Core/Src/main.c:581:13:MX_GPIO_Init	40	static
../Core/Src/main.c:620:6:Error_Handler	4	static,ignoring_inline_asm
